// Jest Snapshot v1, https://goo.gl/fbAQLP

exports[`button matches snapshot 1`] = `ReactWrapper {}`;

exports[`disabled button matches snapshot 1`] = `ReactWrapper {}`;

exports[`full-width button matches snapshot 1`] = `ReactWrapper {}`;
